// Jest Snapshot v1, https://goo.gl/fbAQLP

exports[`rendering should match snapshot 1`] = `
<TextDetail
  tone="negative"
>
  <div>
    hi
  </div>
</TextDetail>
`;
