// Jest Snapshot v1, https://goo.gl/fbAQLP

exports[`rendering outputs correct tree 1`] = `
<div
  className="button"
  onMouseOut={[MockFunction]}
  onMouseOver={[MockFunction]}
>
  <AccessibleButton
    buttonAttributes={
      Object {
        "data-track-component": "SecondaryIconButton",
      }
    }
    isDisabled={false}
    isToggleButton={false}
    label="Accessible button"
    onClick={[MockFunction]}
    type="button"
  >
    <div
      className="icon-container"
    >
      <FilterIcon
        theme="black"
      />
    </div>
  </AccessibleButton>
</div>
`;
