// Jest Snapshot v1, https://goo.gl/fbAQLP

exports[`rendering should output correct tree 1`] = `
<withHandlers(BaseComponent)
  isMouseOver={false}
  setMouseOver={[Function]}
/>
`;
